[INFO][AppLauncher]: Using device: cuda:0
[INFO][AppLauncher]: Loading experience file: /home/tan/IsaacLab/apps/isaaclab.python.kit
Loading user config located at: '/home/tan/miniconda3/envs/env_isaaclab/lib/python3.11/site-packages/isaacsim/kit/data/Kit/Isaac-Sim/5.1/user.config.json'
[Info] [carb] Logging to file: /home/tan/miniconda3/envs/env_isaaclab/lib/python3.11/site-packages/isaacsim/kit/logs/Kit/Isaac-Sim/5.1/kit_20260920_201510.log
[0.040s] [ext: omni.kit.async_engine-0.0.3] startup
[0.111s] [ext: omni.metrics.core-0.0.3] startup
[0.111s] [ext: omni.client.lib-1.1.0] startup
[0.119s] [ext: omni.blobkey-1.1.2] startup
[0.119s] [ext: omni.stats-1.0.1] startup
[0.119s] [ext: omni.datastore-0.0.0] startup
[0.123s] [ext: omni.client-1.3.0] startup
[0.176s] [ext: omni.ujitso.default-1.0.0] startup
[0.177s] [ext: omni.hsscclient-1.1.2] startup
[0.181s] [ext: omni.gpu_foundation.shadercache.vulkan-1.0.0] startup
[0.182s] [ext: omni.assets.plugins-0.0.0] startup
[0.183s] [ext: omni.gpu_foundation-0.0.0] startup
[0.186s] [ext: carb.windowing.plugins-1.0.0] startup
[0.193s] [ext: omni.kit.renderer.init-0.0.0] startup
2026-09-20T12:15:10Z [494ms] [Warning] [gpu.foundation.plugin] Skipping unsupported non-NVIDIA GPU: Intel(R) Graphics (RPL-S)

|---------------------------------------------------------------------------------------------|
| Driver Version: 580.173.02    | Graphics API: Vulkan
|=============================================================================================|
| GPU | Name                             | Active | LDA | GPU Memory | Vendor-ID | LUID       |
|     |                                  |        |     |            | Device-ID | UUID       |
|     |                                  |        |     |            | Bus-ID    |            |
|---------------------------------------------------------------------------------------------|
| 0   | NVIDIA GeForce RTX 5070 Laptop.. | Yes: 0 |     | 8151    MB | 10de      | 0          |
|     |                                  |        |     |            | 2d18      | 961906d6.. |
|     |                                  |        |     |            | 2         |            |
|---------------------------------------------------------------------------------------------|
| 1   | Intel(R) Graphics (RPL-S)        |        |     | 23846   MB | 8086      | 0          |
|     |                                  |        |     |            | a788      | 868088a7.. |
|     |                                  |        |     |            | 0         |            |
|=============================================================================================|
| OS: 24.04.4 LTS (Noble Numbat) ubuntu, Version: 24.04.4, Kernel: 7.0.0-31-generic
| XServer Vendor: The X.Org Foundation, XServer Version: 12101011 (1.21.1.11)
| Processor: Intel(R) Core(TM) i9-14900HX
| Bare Metal Cores: 24 | Bare Metal Logical Cores: 48
| Available Cores:  32 
|---------------------------------------------------------------------------------------------|
| Total Memory (MB): 31795 | Free Memory: 14761
| Total Page/Swap (MB): 8191 | Free Page/Swap: 8191
|---------------------------------------------------------------------------------------------|
2026-09-20T12:15:10Z [763ms] [Warning] [gpu.foundation.plugin] CPU performance profile is set to powersave. This profile sets the CPU to the lowest frequency reducing performance.
2026-09-20T12:15:10Z [780ms] [Warning] [gpu.foundation.plugin] PCIe link width current (8) and maximum (16) for device 0 don't match.
2026-09-20T12:15:10Z [780ms] [Warning] [gpu.foundation.plugin] IOMMU is enabled.
2026-09-20T12:15:10Z [780ms] [Warning] [gpu.foundation.plugin] Detected IOMMU is enabled. Running CUDA peer-to-peer bandwidth and latency validation.
Unidirectional P2P=Enabled Bandwidth (P2P Writes) Matrix (GB/s)
   D\D     0 
     0 232.00 
P2P=Enabled Latency (P2P Writes) Matrix (us)
   GPU     0 
     0   2.06 

   CPU     0 
     0   1.46 
[0.917s] [ext: omni.materialx.libs-1.0.7] startup
[0.922s] [ext: omni.kit.loop-isaac-1.3.7] startup
[0.923s] [ext: omni.kit.test-2.0.1] startup
[0.949s] [ext: omni.kit.pipapi-0.0.0] startup
[0.949s] [ext: omni.usd.config-1.0.6] startup
[0.951s] [ext: omni.gpucompute.plugins-0.0.0] startup
[0.951s] [ext: omni.usd.libs-1.0.1] startup
[1.003s] [ext: omni.kit.pip_archive-0.0.0] startup
[1.004s] [ext: omni.mdl-56.0.3] startup
[1.063s] [ext: omni.iray.libs-0.0.0] startup
[1.068s] [ext: omni.mdl.neuraylib-0.2.12] startup
[1.071s] [ext: omni.kit.usd.mdl-1.1.5] startup
[1.148s] [ext: omni.kit.telemetry-0.5.2] startup
[1.164s] [ext: omni.appwindow-1.1.10] startup
[1.198s] [ext: omni.kit.renderer.core-1.1.0] startup
[1.423s] [ext: omni.kit.renderer.capture-0.0.0] startup
[1.425s] [ext: omni.kit.renderer.imgui-2.0.5] startup
[1.501s] [ext: omni.ui-2.27.1] startup
[1.507s] [ext: omni.kit.mainwindow-1.0.3] startup
[1.508s] [ext: carb.audio-0.1.0] startup
[1.511s] [ext: omni.uiaudio-1.0.0] startup
[1.512s] [ext: omni.kit.uiapp-0.0.0] startup
[1.512s] [ext: omni.usd.schema.metrics.assembler-107.3.1] startup
[1.513s] [ext: omni.usd.schema.omnigraph-1.0.0] startup
[1.517s] [ext: omni.usd.schema.semantics-0.0.0] startup
[1.518s] [ext: omni.usd.schema.audio-0.0.0] startup
[1.520s] [ext: omni.usd.schema.geospatial-0.0.0] startup
[1.522s] [ext: omni.usd.schema.anim-0.0.0] startup
[1.534s] [ext: omni.usd_resolver-1.0.0] startup
[1.536s] [ext: omni.usd.core-1.5.3] startup
[1.538s] [ext: omni.usd.schema.omni_lens_distortion-0.0.0] startup
[1.552s] [ext: isaacsim.robot.schema-3.6.0] startup
[1.557s] [ext: omni.usd.schema.physx-107.3.26] startup
[1.576s] [ext: omni.usd.schema.render_settings.rtx-0.0.0] startup
[1.577s] [ext: omni.usd.schema.omni_sensors-0.0.0] startup
[1.577s] [ext: omni.usd.schema.omniscripting-1.0.0] startup
[1.580s] [ext: omni.graph.exec-0.9.6] startup
[1.580s] [ext: omni.kit.actions.core-1.0.0] startup
[1.581s] [ext: omni.kit.usd_undo-0.1.8] startup
[1.581s] [ext: omni.kit.exec.core-0.13.4] startup
[1.582s] [ext: omni.kit.commands-1.4.10] startup
[1.584s] [ext: omni.kit.window.popup_dialog-2.0.24] startup
[1.586s] [ext: omni.activity.core-1.0.3] startup
[1.587s] [ext: omni.resourcemonitor-107.0.1] startup
[1.588s] [ext: omni.timeline-1.0.14] startup
[1.589s] [ext: omni.kit.widget.nucleus_connector-2.0.1] startup
[1.591s] [ext: usdrt.scenegraph-7.6.1] startup
[1.612s] [ext: omni.kit.audiodeviceenum-1.0.2] startup
[1.613s] [ext: omni.hydra.usdrt_delegate-7.5.1] startup
[1.617s] [ext: omni.hydra.scene_delegate-0.3.4] startup
[1.620s] [ext: omni.usd-1.13.10] startup
[1.640s] [ext: omni.kit.asset_converter-5.0.17] startup
[1.648s] [ext: omni.index.libs-380600.8087.0] startup
[1.648s] [ext: omni.volume-0.5.2] startup
[1.649s] [ext: omni.ujitso.client-0.0.0] startup
[1.649s] [ext: omni.index-1.0.1] startup
[1.650s] [ext: omni.hydra.rtx.shadercache.vulkan-1.0.0] startup
[1.650s] [ext: omni.hydra.rtx-1.0.0] startup
2026-09-20T12:15:11Z [1,647ms] [Warning] [omni.log] Source: omni.hydra was already registered.
[1.670s] [ext: omni.kit.notification_manager-1.0.10] startup
[1.671s] [ext: omni.kit.clipboard-1.0.5] startup
[1.671s] [ext: omni.kit.viewport.legacy_gizmos-1.0.19] startup
[1.673s] [ext: omni.kit.raycast.query-1.1.0] startup
[1.676s] [ext: omni.kit.menu.core-1.1.2] startup
[1.677s] [ext: omni.kit.widget.options_menu-1.1.6] startup
[1.678s] [ext: omni.kit.helper.file_utils-0.1.9] startup
[1.679s] [ext: omni.kit.widget.path_field-2.0.11] startup
[1.680s] [ext: omni.kit.widget.context_menu-1.2.5] startup
[1.680s] [ext: omni.kit.widget.options_button-1.0.3] startup
[1.681s] [ext: omni.kit.widget.filebrowser-2.12.3] startup
[1.683s] [ext: omni.kit.widget.browser_bar-2.0.10] startup
[1.684s] [ext: omni.kit.usd.layers-2.2.11] startup
[1.688s] [ext: omni.ui.scene-1.11.5] startup
[1.691s] [ext: omni.kit.viewport.registry-104.0.6] startup
[1.691s] [ext: omni.kit.window.filepicker-2.13.4] startup
[1.699s] [ext: omni.kit.menu.utils-2.0.5] startup
[1.703s] [ext: omni.kit.context_menu-1.8.6] startup
[1.704s] [ext: omni.kit.viewport.scene_camera_model-1.0.6] startup
[1.707s] [ext: omni.kit.hydra_texture-1.4.6] startup
[1.709s] [ext: omni.kit.window.file_importer-1.1.18] startup
[1.710s] [ext: omni.kit.widget.searchable_combobox-1.0.6] startup
[1.710s] [ext: omni.kit.window.drop_support-1.0.5] startup
[1.711s] [ext: omni.kit.widget.viewport-107.1.3] startup
[1.713s] [ext: omni.kit.material.library-2.0.7] startup
[1.715s] [ext: omni.hydra.engine.stats-1.0.3] startup
[1.717s] [ext: omni.kit.widget.settings-1.2.6] startup
[1.718s] [ext: omni.kit.viewport.window-107.2.0] startup
[1.727s] [ext: omni.kit.window.preferences-1.8.0] startup
[1.729s] [ext: omni.kit.widget.toolbar-2.0.1] startup
[1.732s] [ext: omni.kit.viewport.utility-1.1.2] startup
[1.733s] [ext: omni.kit.manipulator.transform-107.0.0] startup
[1.735s] [ext: omni.kit.manipulator.tool.snap-1.5.13] startup
[1.737s] [ext: omni.kit.manipulator.selector-1.1.3] startup
[1.737s] [ext: omni.kit.property.adapter.core-1.0.2] startup
[1.738s] [ext: omni.kit.viewport.manipulator.transform-107.0.4] startup
[1.739s] [ext: omni.kit.manipulator.viewport-107.0.1] startup
[1.740s] [ext: omni.kit.property.adapter.fabric-1.0.3] startup
[1.740s] [ext: omni.kit.manipulator.prim.core-107.0.8] startup
[1.744s] [ext: omni.kit.primitive.mesh-1.0.17] startup
[1.746s] [ext: omni.kit.widget.filter-1.1.4] startup
[1.746s] [ext: omni.kit.hotkeys.core-1.3.10] startup
[1.747s] [ext: omni.kit.manipulator.prim.usd-107.0.3] startup
[1.748s] [ext: omni.fabric.commands-1.1.6] startup
[1.749s] [ext: omni.kit.window.file_exporter-1.0.33] startup
[1.749s] [ext: omni.kit.widget.searchfield-1.1.8] startup
[1.750s] [ext: omni.kit.manipulator.prim.fabric-107.0.4] startup
[1.751s] [ext: omni.debugdraw-0.1.4] startup
[1.753s] [ext: omni.kit.widget.stage-3.1.4] startup
[1.759s] [ext: omni.kit.property.adapter.usd-1.0.2] startup
[1.760s] [ext: omni.kit.manipulator.prim-107.0.0] startup
[1.760s] [ext: omni.kvdb-107.3.26] startup
[1.761s] [ext: omni.convexdecomposition-107.3.26] startup
[1.762s] [ext: omni.physx.foundation-107.3.26] startup
[1.763s] [ext: omni.localcache-107.3.26] startup
[1.764s] [ext: omni.kit.window.content_browser_registry-0.0.6] startup
[1.764s] [ext: omni.kit.widget.highlight_label-1.0.3] startup
[1.765s] [ext: omni.kit.stage_template.core-1.1.22] startup
[1.765s] [ext: omni.usdphysics-107.3.26] startup
[1.766s] [ext: omni.kit.window.file-2.0.5] startup
[1.768s] [ext: omni.physx.cooking-107.3.26] startup
[1.770s] [ext: omni.physics-107.3.26] startup
[1.771s] [ext: omni.kit.window.property-1.12.1] startup
[1.773s] [ext: omni.kit.window.content_browser-3.1.3] startup
[1.779s] [ext: omni.physx-107.3.26] startup
[1.785s] [ext: omni.physics.stageupdate-107.3.26] startup
[1.786s] [ext: omni.kit.property.usd-4.5.12] startup
[1.792s] [ext: omni.kit.manipulator.selection-106.0.1] startup
[1.793s] [ext: omni.physics.physx-107.3.26] startup
2026-09-20T12:15:11Z [1,780ms] [Warning] [carb] Acquiring non optional plugin interface which is not listed as dependency: [omni::physx::IPhysxBenchmarks v1.0] (plugin: <default plugin>), by client: omni.physics.physx.plugin. Add it to CARB_PLUGIN_IMPL_DEPS() macro of a client.
[1.794s] [ext: omni.kit.widget.prompt-1.0.7] startup
[1.794s] [ext: omni.kit.viewport.menubar.core-107.2.1] startup
[1.802s] [ext: omni.kit.viewport.actions-107.0.2] startup
[1.804s] [ext: omni.inspect-1.0.2] startup
[1.805s] [ext: omni.kit.widget.layers-1.8.6] startup
[1.811s] [ext: omni.kit.viewport.menubar.display-107.0.3] startup
[1.812s] [ext: omni.usd.metrics.assembler-107.3.1] startup
[1.816s] [ext: omni.graph.core-2.184.5] startup
[1.818s] [ext: omni.kit.numpy.common-0.1.3] startup
[1.819s] [ext: omni.usdphysics.ui-107.3.26] startup
[1.835s] [ext: omni.physx.commands-107.3.26] startup
[1.838s] [ext: isaacsim.core.deprecation_manager-0.2.7] startup
[1.838s] [ext: omni.isaac.dynamic_control-2.0.7] startup
2026-09-20T12:15:11Z [1,828ms] [Warning] [omni.isaac.dynamic_control] omni.isaac.dynamic_control is deprecated as of Isaac Sim 4.5. No action is needed from end-users.
[1.842s] [ext: omni.physx.ui-107.3.26] startup
[1.862s] [ext: isaacsim.core.version-2.0.6] startup
[1.862s] [ext: omni.physics.tensors-107.3.26] startup
[1.865s] [ext: omni.warp.core-1.8.2] startup
[1.986s] [ext: omni.usd.metrics.assembler.physics-107.3.26] startup
[1.987s] [ext: isaacsim.storage.native-1.5.1] startup
[1.988s] [ext: omni.physx.tensors-107.3.26] startup
[1.991s] [ext: isaacsim.core.utils-3.5.1] startup
[1.993s] [ext: isaacsim.core.simulation_manager-1.4.4] startup
[2.983s] [ext: omni.kit.widget.stage_icons-1.0.8] startup
[2.983s] [ext: omni.kit.widget.text_editor-1.1.1] startup
[2.984s] [ext: omni.kit.window.stage-2.6.1] startup
[2.987s] [ext: omni.kit.menu.create-2.0.1] startup
[2.988s] [ext: omni.kit.window.extensions-1.4.27] startup
[2.991s] [ext: omni.kit.scripting-107.3.2] startup
[2.993s] [ext: omni.kit.stagerecorder.core-107.0.3] startup
[2.996s] [ext: isaacsim.replicator.behavior-1.1.16] startup
[2.996s] [ext: omni.graph.tools-1.79.2] startup
[3.009s] [ext: omni.ui_query-1.1.8] startup
[3.009s] [ext: omni.kit.widget.zoombar-1.0.6] startup
[3.010s] [ext: omni.graph-1.141.2] startup
[3.034s] [ext: omni.graph.action_core-1.1.7] startup
[3.036s] [ext: omni.kit.ui_test-1.3.7] startup
[3.038s] [ext: omni.kit.browser.core-2.3.13] startup
[3.041s] [ext: omni.kit.usd.collect-2.4.5] startup
[3.044s] [ext: omni.graph.action_nodes-1.50.4] startup
[3.048s] [ext: omni.kit.menu.stage-1.2.7] startup
[3.050s] [ext: omni.kit.browser.folder.core-1.10.9] startup
[3.058s] [ext: omni.kit.usdz_export-1.0.9] startup
[3.060s] [ext: omni.graph.visualization.nodes-2.1.3] startup
[3.068s] [ext: omni.graph.action-1.130.0] startup
[3.069s] [ext: omni.kit.tool.collect-2.2.18] startup
[3.073s] [ext: omni.kit.tool.asset_importer-4.3.2] startup
[3.079s] [ext: isaacsim.gui.components-1.2.1] startup
[3.084s] [ext: isaacsim.examples.browser-0.2.1] startup
[3.090s] [ext: isaacsim.asset.importer.urdf-2.4.31] startup
[3.147s] [ext: isaacsim.core.cloner-1.4.10] startup
[3.150s] [ext: omni.kit.stagerecorder.ui-107.0.1] startup
[3.157s] [ext: isaacsim.asset.browser-1.3.23] startup
[3.186s] [ext: semantics.schema.editor-2.0.2] startup
2026-09-20T12:15:13Z [3,175ms] [Warning] [pxr.Semantics] pxr.Semantics is deprecated - please use Semantics instead
[3.190s] [ext: omni.kit.stagerecorder.bundle-105.0.2] startup
[3.190s] [ext: omni.kit.window.status_bar-0.1.9] startup
[3.193s] [ext: omni.kit.widget.graph-2.0.0] startup
[3.196s] [ext: omni.kit.stage_templates-2.0.0] startup
[3.198s] [ext: omni.graph.image.core-0.6.1] startup
[3.198s] [ext: omni.kit.graph.delegate.default-1.2.3] startup
[3.199s] [ext: isaacsim.core.experimental.utils-0.3.0] startup
[3.200s] [ext: omni.graph.image.nodes-1.3.1] startup
[3.201s] [ext: omni.kit.graph.editor.core-1.5.3] startup
[3.202s] [ext: omni.kit.graph.usd.commands-1.3.1] startup
[3.203s] [ext: omni.graph.nodes-1.170.10] startup
[3.209s] [ext: omni.graph.ui_nodes-1.50.5] startup
[3.211s] [ext: omni.kit.widget.material_preview-1.0.16] startup
[3.214s] [ext: omni.syntheticdata-0.6.13] startup
[3.230s] [ext: omni.videoencoding-0.1.2] startup
[3.232s] [ext: omni.warp-1.8.2] startup
[3.236s] [ext: omni.kit.window.material_graph-1.9.1] startup
[3.251s] [ext: omni.graph.scriptnode-1.50.0] startup
[3.257s] [ext: isaacsim.core.prims-0.6.1] startup
[3.298s] [ext: isaacsim.test.docstring-1.1.0] startup
[3.310s] [ext: omni.replicator.core-1.12.27] startup
2026-09-20T12:15:13Z [3,395ms] [Warning] [omni.graph.core.plugin] Found duplicate of category 'Replicator' - was 'Annotators', adding 'Fabric Reader'
2026-09-20T12:15:13Z [3,395ms] [Warning] [omni.graph.core.plugin] Category 'Replicator' not accepted on node type 'omni.replicator.core.FabricReader' in extension 'omni.replicator.core'
2026-09-20T12:15:13Z [3,396ms] [Warning] [omni.replicator.core.scripts.extension] No material configuration file, adding configuration to material settings directly.
[3.412s] [ext: isaacsim.core.api-4.8.0] startup
[3.424s] [ext: isaacsim.core.experimental.prims-0.8.1] startup
[3.450s] [ext: isaacsim.core.nodes-3.4.3] startup
[3.459s] [ext: isaacsim.robot.surface_gripper-3.3.1] startup
[3.463s] [ext: isaacsim.util.debug_draw-3.1.0] startup
[3.466s] [ext: omni.sensors.nv.common-3.0.0] startup
[3.475s] [ext: isaacsim.robot.manipulators-3.3.6] startup
[3.476s] [ext: isaacsim.sensors.physx-2.3.2] startup
[3.484s] [ext: omni.sensors.nv.materials-2.0.0] startup
[3.489s] [ext: omni.sensors.net-1.0.0] startup
[3.494s] [ext: isaacsim.app.about-2.0.11] startup
[3.498s] [ext: isaacsim.simulation_app-2.12.2] startup
[3.498s] [ext: omni.sensors.nv.ids-2.0.0] startup
[3.501s] [ext: omni.sensors.nv.lidar-3.0.0] startup
[3.507s] [ext: omni.kit.property.audio-1.0.16] startup
[3.525s] [ext: omni.kit.property.camera-1.0.10] startup
[3.528s] [ext: omni.kit.property.geometry-2.0.4] startup
[3.536s] [ext: omni.hydra.scene_api-0.1.2] startup
[3.541s] [ext: omni.kit.property.light-1.0.12] startup
[3.553s] [ext: omni.sensors.nv.wpm-3.0.0] startup
[3.555s] [ext: omni.kit.selection-0.1.6] startup
[3.556s] [ext: omni.kit.property.material-1.11.9] startup
[3.567s] [ext: omni.kit.property.transform-1.5.13] startup
[3.573s] [ext: omni.kit.property.render-1.2.1] startup
[3.574s] [ext: omni.sensors.nv.radar-3.0.0] startup
[3.577s] [ext: isaacsim.gui.menu-2.4.4] startup
[3.589s] [ext: omni.kit.manipulator.camera-106.0.4] startup
[3.596s] [ext: isaacsim.gui.property-1.1.3] startup
[3.602s] [ext: omni.kit.property.bundle-1.4.1] startup
[3.605s] [ext: isaacsim.sensors.rtx-15.8.4] startup
[3.613s] [ext: isaacsim.sensors.physics-0.4.3] startup
[3.625s] [ext: omni.kit.viewport.menubar.camera-107.0.6] startup
[3.722s] [ext: omni.kit.viewport.menubar.lighting-107.3.1] startup
[3.796s] [ext: omni.kit.viewport.menubar.settings-107.0.3] startup
[3.918s] [ext: omni.kit.viewport.menubar.render-107.0.10] startup
[3.926s] [ext: isaacsim.robot.policy.examples-4.1.11] startup
[3.927s] [ext: isaacsim.asset.importer.mjcf-2.5.13] startup
[3.932s] [ext: omni.kit.window.console-1.1.4] startup
[3.937s] [ext: omni.rtx.window.settings-0.6.19] startup
[3.940s] [ext: omni.ocio-0.1.1] startup
[3.941s] [ext: omni.physx.demos-107.3.26] startup
[3.953s] [ext: omni.kit.property.physx-107.3.26] startup
[3.967s] [ext: omni.replicator.replicator_yaml-2.0.11] startup
[3.978s] [ext: omni.asset_validator.core-1.1.6] startup
[4.011s] [ext: omni.rtx.settings.core-0.6.5] startup
[4.014s] [ext: omni.physx.vehicle-107.3.26] startup
[4.025s] [ext: omni.usd.metrics.assembler.ui-107.3.1] startup
[4.032s] [ext: omni.kit.window.script_editor-2.0.1] startup
[4.034s] [ext: isaacsim.robot.wheeled_robots-4.0.24] startup
[4.038s] [ext: omni.physx.asset_validator-107.3.26] startup
[4.043s] [ext: omni.kit.window.toolbar-2.0.0] startup
[4.046s] [ext: omni.physx.camera-107.3.26] startup
[4.054s] [ext: omni.anim.curve.core-1.3.1] startup
[4.064s] [ext: omni.physx.cct-107.3.26] startup
[4.076s] [ext: omni.physx.graph-107.3.26] startup
[4.089s] [ext: omni.physx.supportui-107.3.26] startup
[4.099s] [ext: omni.physx.telemetry-107.3.26] startup
[4.101s] [ext: isaaclab-0.54.4] startup
[4.232s] [ext: isaaclab_contrib-0.0.2] startup
[4.233s] [ext: isaacsim.core.throttling-2.2.2] startup
[4.234s] [ext: omni.kit.ui.actions-1.0.5] startup
[4.235s] [ext: semantics.schema.property-2.0.1] startup
[4.237s] [ext: omni.physx.bundle-107.3.26] startup
[4.237s] [ext: isaacsim.sensors.camera-1.3.6] startup
[4.241s] [ext: isaaclab_assets-0.2.4] startup
[4.425s] [ext: isaaclab_tasks-0.11.16] startup
[4.535s] [ext: omni.kit.menu.common-2.0.1] startup
[4.537s] [ext: isaaclab_rl-0.5.2] startup
[4.537s] [ext: isaaclab_mimic-1.0.16] startup
[4.538s] [ext: isaaclab.python-2.3.2] startup
[4.539s] Simulation App Starting
2026-09-20T12:15:15Z [4,865ms] [Warning] [omni.fabric.plugin] Warning: attribute viewportHandle not found for bucket id 9

[5.283s] app ready
[7.521s] Simulation App Startup Complete
Start Building the Environment
[INFO] Privileged observation: 18 dims; object orientation=none

[36m======================================================================================[0m
[36m[1m[INFO][IsaacLab]: Logging to file: /tmp/isaaclab/logs/isaaclab_2026-09-20_20-15-17.log[0m
[36m======================================================================================[0m

[7.865s] [ext: omni.physx.fabric-107.3.26] startup
[INFO]: Base environment:
	Environment device    : cuda:0
	Environment seed      : 42
	Physics step-size     : 0.008333333333333333
	Rendering step-size   : 0.016666666666666666
	Environment step-size : 0.05
[33m20:15:18 [direct_rl_env.py] WARNING: The render interval (2) is smaller than the decimation (6). Multiple render calls will happen for each environment step.If this is not intended, set the render interval to be equal to the decimation.[0m
[INFO]: Time taken for scene creation : 1.275937 seconds
[INFO]: Scene manager:  <class InteractiveScene>
	Number of environments: 1
	Environment spacing   : 0.75
	Source prim name      : /World/envs/env_0
	Global prim paths     : ['/World/ground']
	Replicate physics     : False
[INFO]: Starting the simulation. This may take a few seconds. Please wait...
2026-09-20T12:15:20Z [10,569ms] [Warning] [omni.fabric.plugin] getAttributeCount called on non-existent path /World/envs/env_0/hand/right_thumb_PIP_Link/visuals/right_thumb_PIP_Link/node_STL_BINARY_
2026-09-20T12:15:20Z [10,569ms] [Warning] [omni.fabric.plugin] getTypes called on non-existent path /World/envs/env_0/hand/right_thumb_PIP_Link/visuals/right_thumb_PIP_Link/node_STL_BINARY_
[INFO]: Time taken for simulation start : 1.960566 seconds
Creating window for environment.
ManagerLiveVisualizer cannot be created for manager: action_manager, Manager does not exist
ManagerLiveVisualizer cannot be created for manager: observation_manager, Manager does not exist
[INFO]: Completed setting up the environment...
RunningMeanStd:  (141,)
RunningMeanStd:  (1,)
2026-09-20T12:15:25Z [15,501ms] [Warning] [carb] Client gpu.foundation.plugin has acquired [gpu::unstable::IMemoryBudgetManagerFactory v0.1] 100 times. Consider accessing this interface with carb::getCachedInterface() (Performance warning)
[INFO] Window closed during a simulation step.
[190.979s] Simulation App Shutting Down
