Local log mirror: /home/tan/hora2/BrainCo_hora/outputs/remote_monitor/octagonal_collect_20260920_181435
[2026-09-20T18:17:00+08:00] runtime setup

GPU index, memory used, utilization:
0, 26750 MiB, 34 %
1, 8908 MiB, 28 %
2, 1983 MiB, 92 %
3, 2555 MiB, 92 %
4, 1127 MiB, 32 %
5, 9273 MiB, 41 %
6, 2000 MiB, 32 %
7, 1836 MiB, 89 %
[2026-09-20T18:17:30+08:00] simulation smoke test
[PROGRESS]      0/16 (  0.00%) | attempts=321 | success=  0.00% | rate=   0.00/s (recent=   0.00/s) | elapsed=00:00:10 | ETA=--:--:--
GPU index, memory used, utilization:
0, 27289 MiB, 99 %
1, 9293 MiB, 27 %
2, 4965 MiB, 92 %
3, 2329 MiB, 93 %
4, 2661 MiB, 90 %
5, 9781 MiB, 89 %
6, 2443 MiB, 85 %
7, 2303 MiB, 89 %
[2026-09-20T18:18:00+08:00] simulation smoke test
[PROGRESS]      0/16 (  0.00%) | attempts=825 | success=  0.00% | rate=   0.00/s (recent=   0.00/s) | elapsed=00:00:30 | ETA=--:--:--
[PROGRESS]      0/16 (  0.00%) | attempts=954 | success=  0.00% | rate=   0.00/s (recent=   0.00/s) | elapsed=00:00:40 | ETA=--:--:--
GPU index, memory used, utilization:
0, 27289 MiB, 32 %
1, 8664 MiB, 25 %
2, 4965 MiB, 93 %
3, 2329 MiB, 93 %
4, 2661 MiB, 85 %
5, 9781 MiB, 89 %
6, 2475 MiB, 89 %
7, 2295 MiB, 85 %
[2026-09-20T18:18:30+08:00] collecting
	Global prim paths     : ['/World/ground']
	Replicate physics     : False
[INFO]: Starting the simulation. This may take a few seconds. Please wait...
GPU index, memory used, utilization:
0, 27289 MiB, 99 %
1, 8664 MiB, 29 %
2, 1524 MiB, 24 %
3, 1726 MiB, 17 %
4, 1376 MiB, 18 %
5, 8663 MiB, 30 %
6, 1634 MiB, 31 %
7, 1372 MiB, 27 %
[2026-09-20T18:19:01+08:00] collecting
GPU index, memory used, utilization:
0, 27289 MiB, 43 %
1, 8430 MiB, 0 %
2, 5333 MiB, 19 %
3, 2423 MiB, 36 %
4, 2453 MiB, 86 %
5, 9377 MiB, 91 %
6, 2495 MiB, 92 %
7, 2491 MiB, 88 %
[2026-09-20T18:19:31+08:00] collecting
[PROGRESS]      0/8192 (  0.00%) | attempts=7078 | success=  0.00% | rate=   0.00/s (recent=   0.00/s) | elapsed=00:00:10 | ETA=--:--:--
[COVERAGE] accepted=[0, 0, 0, 0, 0, 0, 0, 0, 0, 0, 0, 0, 0, 0, 0, 0, 0, 0, 0, 0, 0, 0, 0, 0, 0, 0, 0, 0, 0, 0, 0, 0, 0, 0, 0, 0, 0, 0, 0, 0] targets=[205, 205, 205, 205, 205, 205, 205, 205, 205, 205, 205, 205, 205, 205, 205, 205, 205, 205, 205, 205, 205, 205, 205, 205, 205, 205, 205, 205, 205, 205, 205, 205, 204, 204, 204, 204, 204, 204, 204, 204]
GPU index, memory used, utilization:
0, 27289 MiB, 38 %
1, 8396 MiB, 14 %
2, 5048 MiB, 92 %
3, 1728 MiB, 37 %
4, 2619 MiB, 88 %
5, 8663 MiB, 27 %
6, 2495 MiB, 92 %
7, 2697 MiB, 21 %
[2026-09-20T18:20:01+08:00] collecting
[PROGRESS]    372/8192 (  4.54%) | attempts=33963 | success=  1.10% | rate=   9.16/s (recent=  36.27/s) | elapsed=00:00:40 | ETA=00:14:13
[COVERAGE] accepted=[19, 4, 8, 5, 12, 23, 9, 6, 6, 5, 26, 8, 6, 5, 3, 18, 3, 0, 8, 7, 23, 6, 3, 7, 15, 28, 1, 6, 7, 4, 17, 3, 4, 11, 13, 14, 3, 6, 5, 15] targets=[205, 205, 205, 205, 205, 205, 205, 205, 205, 205, 205, 205, 205, 205, 205, 205, 205, 205, 205, 205, 205, 205, 205, 205, 205, 205, 205, 205, 205, 205, 205, 205, 204, 204, 204, 204, 204, 204, 204, 204]
GPU index, memory used, utilization:
0, 27289 MiB, 99 %
1, 9357 MiB, 87 %
2, 5048 MiB, 87 %
3, 2255 MiB, 27 %
4, 2619 MiB, 89 %
5, 8663 MiB, 33 %
6, 2453 MiB, 89 %
7, 2481 MiB, 84 %
[2026-09-20T18:20:31+08:00] collecting
[PROGRESS]   1178/8192 ( 14.38%) | attempts=61366 | success=  1.92% | rate=  16.64/s (recent=  25.06/s) | elapsed=00:01:10 | ETA=00:07:01
[COVERAGE] accepted=[59, 14, 19, 21, 27, 61, 14, 14, 28, 20, 59, 15, 17, 19, 24, 73, 11, 14, 29, 23, 74, 11, 22, 13, 22, 82, 15, 25, 20, 25, 65, 15, 18, 28, 25, 66, 20, 20, 21, 30] targets=[205, 205, 205, 205, 205, 205, 205, 205, 205, 205, 205, 205, 205, 205, 205, 205, 205, 205, 205, 205, 205, 205, 205, 205, 205, 205, 205, 205, 205, 205, 205, 205, 204, 204, 204, 204, 204, 204, 204, 204]
GPU index, memory used, utilization:
0, 27289 MiB, 38 %
1, 8176 MiB, 1 %
2, 5048 MiB, 88 %
3, 1686 MiB, 41 %
4, 2619 MiB, 88 %
5, 9335 MiB, 87 %
6, 2229 MiB, 23 %
7, 2261 MiB, 32 %
[2026-09-20T18:21:01+08:00] collecting
[PROGRESS]   1929/8192 ( 23.55%) | attempts=88552 | success=  2.18% | rate=  19.09/s (recent=  26.06/s) | elapsed=00:01:41 | ETA=00:05:28
[COVERAGE] accepted=[93, 25, 31, 44, 42, 104, 23, 22, 46, 34, 100, 30, 32, 32, 36, 122, 19, 32, 40, 42, 111, 23, 42, 35, 35, 109, 24, 46, 32, 38, 101, 28, 29, 45, 45, 94, 29, 36, 30, 48] targets=[205, 205, 205, 205, 205, 205, 205, 205, 205, 205, 205, 205, 205, 205, 205, 205, 205, 205, 205, 205, 205, 205, 205, 205, 205, 205, 205, 205, 205, 205, 205, 205, 204, 204, 204, 204, 204, 204, 204, 204]
GPU index, memory used, utilization:
0, 27289 MiB, 37 %
1, 8260 MiB, 14 %
2, 5048 MiB, 91 %
3, 2793 MiB, 86 %
4, 3306 MiB, 27 %
5, 8663 MiB, 38 %
6, 3296 MiB, 89 %
7, 2317 MiB, 44 %
[2026-09-20T18:21:32+08:00] collecting
[PROGRESS]   2642/8192 ( 32.25%) | attempts=114849 | success=  2.30% | rate=  20.09/s (recent=  27.48/s) | elapsed=00:02:11 | ETA=00:04:36
[COVERAGE] accepted=[125, 37, 43, 56, 53, 139, 37, 32, 57, 48, 138, 39, 45, 50, 50, 157, 30, 48, 55, 57, 133, 40, 48, 56, 43, 142, 34, 59, 52, 51, 140, 38, 44, 67, 63, 131, 40, 47, 53, 65] targets=[205, 205, 205, 205, 205, 205, 205, 205, 205, 205, 205, 205, 205, 205, 205, 205, 205, 205, 205, 205, 205, 205, 205, 205, 205, 205, 205, 205, 205, 205, 205, 205, 204, 204, 204, 204, 204, 204, 204, 204]
GPU index, memory used, utilization:
0, 27289 MiB, 40 %
1, 8218 MiB, 11 %
2, 5048 MiB, 91 %
3, 2793 MiB, 87 %
4, 10568 MiB, 26 %
5, 8663 MiB, 29 %
6, 10686 MiB, 89 %
7, 2657 MiB, 88 %
[2026-09-20T18:22:02+08:00] collecting
[PROGRESS]   3500/8192 ( 42.72%) | attempts=151626 | success=  2.31% | rate=  21.61/s (recent=  36.93/s) | elapsed=00:02:41 | ETA=00:03:37
[COVERAGE] accepted=[169, 55, 63, 77, 77, 165, 56, 54, 74, 71, 160, 60, 65, 70, 77, 187, 38, 68, 73, 73, 164, 52, 61, 74, 63, 174, 47, 76, 75, 84, 176, 55, 61, 88, 78, 172, 51, 65, 67, 85] targets=[205, 205, 205, 205, 205, 205, 205, 205, 205, 205, 205, 205, 205, 205, 205, 205, 205, 205, 205, 205, 205, 205, 205, 205, 205, 205, 205, 205, 205, 205, 205, 205, 204, 204, 204, 204, 204, 204, 204, 204]
GPU index, memory used, utilization:
0, 27289 MiB, 37 %
1, 8664 MiB, 26 %
2, 4023 MiB, 53 %
3, 1636 MiB, 23 %
4, 1594 MiB, 31 %
5, 8571 MiB, 23 %
6, 1544 MiB, 21 %
7, 1590 MiB, 12 %
[2026-09-20T18:22:32+08:00] collecting
[PROGRESS]   4262/8192 ( 52.03%) | attempts=186024 | success=  2.29% | rate=  22.16/s (recent=  21.02/s) | elapsed=00:03:12 | ETA=00:02:57
[COVERAGE] accepted=[192, 67, 80, 93, 102, 187, 74, 68, 102, 102, 186, 73, 86, 87, 101, 198, 58, 87, 94, 94, 181, 65, 73, 98, 83, 194, 61, 88, 93, 103, 198, 71, 74, 106, 96, 193, 70, 85, 93, 106] targets=[205, 205, 205, 205, 205, 205, 205, 205, 205, 205, 205, 205, 205, 205, 205, 205, 205, 205, 205, 205, 205, 205, 205, 205, 205, 205, 205, 205, 205, 205, 205, 205, 204, 204, 204, 204, 204, 204, 204, 204]
GPU index, memory used, utilization:
0, 27289 MiB, 86 %
1, 8664 MiB, 27 %
2, 5098 MiB, 91 %
3, 1636 MiB, 23 %
4, 2711 MiB, 89 %
5, 9285 MiB, 86 %
6, 2569 MiB, 87 %
7, 2665 MiB, 86 %
[2026-09-20T18:23:02+08:00] collecting
[PROGRESS]   4859/8192 ( 59.31%) | attempts=215487 | success=  2.25% | rate=  21.84/s (recent=  18.25/s) | elapsed=00:03:42 | ETA=00:02:32
[COVERAGE] accepted=[205, 80, 97, 119, 116, 200, 93, 88, 115, 128, 195, 82, 98, 109, 119, 203, 74, 99, 107, 111, 192, 81, 90, 120, 100, 202, 70, 102, 113, 120, 205, 86, 90, 120, 113, 197, 91, 94, 112, 123] targets=[205, 205, 205, 205, 205, 205, 205, 205, 205, 205, 205, 205, 205, 205, 205, 205, 205, 205, 205, 205, 205, 205, 205, 205, 205, 205, 205, 205, 205, 205, 205, 205, 204, 204, 204, 204, 204, 204, 204, 204]
GPU index, memory used, utilization:
0, 27289 MiB, 47 %
1, 9249 MiB, 91 %
2, 5098 MiB, 93 %
3, 1667 MiB, 23 %
4, 7637 MiB, 87 %
5, 9241 MiB, 89 %
6, 7661 MiB, 88 %
7, 2665 MiB, 87 %
[2026-09-20T18:23:32+08:00] collecting
[PROGRESS]   5427/8192 ( 66.25%) | attempts=244243 | success=  2.22% | rate=  21.45/s (recent=  17.21/s) | elapsed=00:04:12 | ETA=00:02:08
[COVERAGE] accepted=[205, 87, 105, 131, 131, 205, 104, 104, 137, 135, 202, 97, 114, 125, 140, 205, 91, 120, 123, 132, 204, 103, 119, 136, 120, 205, 83, 114, 135, 140, 205, 95, 116, 133, 134, 204, 101, 110, 132, 145] targets=[205, 205, 205, 205, 205, 205, 205, 205, 205, 205, 205, 205, 205, 205, 205, 205, 205, 205, 205, 205, 205, 205, 205, 205, 205, 205, 205, 205, 205, 205, 205, 205, 204, 204, 204, 204, 204, 204, 204, 204]
GPU index, memory used, utilization:
0, 27289 MiB, 39 %
1, 9263 MiB, 21 %
2, 5098 MiB, 89 %
3, 2661 MiB, 89 %
4, 2567 MiB, 85 %
5, 9285 MiB, 91 %
6, 2569 MiB, 90 %
7, 2665 MiB, 86 %
[2026-09-20T18:24:03+08:00] collecting
[PROGRESS]   6032/8192 ( 73.63%) | attempts=273938 | success=  2.20% | rate=  21.29/s (recent=  19.47/s) | elapsed=00:04:43 | ETA=00:01:41
[COVERAGE] accepted=[205, 112, 126, 151, 152, 205, 113, 125, 154, 156, 204, 115, 130, 141, 160, 205, 117, 139, 139, 162, 205, 126, 140, 152, 138, 205, 107, 132, 151, 157, 205, 108, 128, 150, 154, 204, 119, 131, 148, 161] targets=[205, 205, 205, 205, 205, 205, 205, 205, 205, 205, 205, 205, 205, 205, 205, 205, 205, 205, 205, 205, 205, 205, 205, 205, 205, 205, 205, 205, 205, 205, 205, 205, 204, 204, 204, 204, 204, 204, 204, 204]
GPU index, memory used, utilization:
0, 27289 MiB, 37 %
1, 8218 MiB, 10 %
2, 5098 MiB, 91 %
3, 2661 MiB, 82 %
4, 2443 MiB, 86 %
5, 8571 MiB, 23 %
6, 2569 MiB, 22 %
7, 2665 MiB, 90 %
[2026-09-20T18:24:33+08:00] collecting
[PROGRESS]   6616/8192 ( 80.76%) | attempts=302893 | success=  2.18% | rate=  21.09/s (recent=  19.50/s) | elapsed=00:05:13 | ETA=00:01:14
[COVERAGE] accepted=[205, 133, 141, 169, 173, 205, 137, 143, 174, 172, 205, 131, 154, 158, 174, 205, 137, 161, 161, 178, 205, 149, 151, 172, 167, 205, 126, 152, 162, 174, 205, 127, 152, 165, 166, 204, 132, 153, 156, 177] targets=[205, 205, 205, 205, 205, 205, 205, 205, 205, 205, 205, 205, 205, 205, 205, 205, 205, 205, 205, 205, 205, 205, 205, 205, 205, 205, 205, 205, 205, 205, 205, 205, 204, 204, 204, 204, 204, 204, 204, 204]
GPU index, memory used, utilization:
0, 27289 MiB, 37 %
1, 8622 MiB, 33 %
2, 5098 MiB, 90 %
3, 2661 MiB, 92 %
4, 2691 MiB, 89 %
5, 9285 MiB, 71 %
6, 2569 MiB, 91 %
7, 2665 MiB, 88 %
[2026-09-20T18:25:03+08:00] collecting
[PROGRESS]   7162/8192 ( 87.43%) | attempts=331702 | success=  2.16% | rate=  20.82/s (recent=  18.20/s) | elapsed=00:05:44 | ETA=00:00:49
[COVERAGE] accepted=[205, 155, 157, 185, 185, 205, 149, 160, 186, 185, 205, 156, 176, 175, 184, 205, 156, 178, 180, 191, 205, 161, 172, 197, 190, 205, 144, 163, 175, 193, 205, 145, 173, 181, 175, 204, 156, 173, 177, 190] targets=[205, 205, 205, 205, 205, 205, 205, 205, 205, 205, 205, 205, 205, 205, 205, 205, 205, 205, 205, 205, 205, 205, 205, 205, 205, 205, 205, 205, 205, 205, 205, 205, 204, 204, 204, 204, 204, 204, 204, 204]
GPU index, memory used, utilization:
0, 27289 MiB, 43 %
1, 9293 MiB, 85 %
2, 5098 MiB, 90 %
3, 2661 MiB, 87 %
4, 2443 MiB, 56 %
5, 9243 MiB, 90 %
6, 2569 MiB, 90 %
7, 2665 MiB, 88 %
[2026-09-20T18:25:33+08:00] collecting
[PROGRESS]   7683/8192 ( 93.79%) | attempts=359302 | success=  2.14% | rate=  20.50/s (recent=  15.13/s) | elapsed=00:06:14 | ETA=00:00:24
[COVERAGE] accepted=[205, 173, 171, 200, 196, 205, 168, 188, 198, 196, 205, 173, 186, 188, 199, 205, 178, 202, 196, 198, 205, 179, 196, 205, 203, 205, 166, 185, 190, 202, 205, 171, 189, 199, 184, 204, 172, 188, 203, 202] targets=[205, 205, 205, 205, 205, 205, 205, 205, 205, 205, 205, 205, 205, 205, 205, 205, 205, 205, 205, 205, 205, 205, 205, 205, 205, 205, 205, 205, 205, 205, 205, 205, 204, 204, 204, 204, 204, 204, 204, 204]
GPU index, memory used, utilization:
0, 27289 MiB, 79 %
1, 8622 MiB, 32 %
2, 5098 MiB, 88 %
3, 2661 MiB, 80 %
4, 1594 MiB, 27 %
5, 7546 MiB, 0 %
6, 2569 MiB, 58 %
7, 2665 MiB, 79 %
[2026-09-20T18:26:03+08:00] collecting
[PROGRESS]   8136/8192 ( 99.32%) | attempts=391833 | success=  2.08% | rate=  20.08/s (recent=  10.65/s) | elapsed=00:06:45 | ETA=00:00:02
[COVERAGE] accepted=[205, 205, 197, 205, 205, 205, 198, 204, 205, 204, 205, 195, 201, 205, 205, 205, 205, 205, 205, 205, 205, 198, 205, 205, 205, 205, 193, 205, 205, 205, 205, 205, 204, 204, 204, 204, 201, 201, 204, 204] targets=[205, 205, 205, 205, 205, 205, 205, 205, 205, 205, 205, 205, 205, 205, 205, 205, 205, 205, 205, 205, 205, 205, 205, 205, 205, 205, 205, 205, 205, 205, 205, 205, 204, 204, 204, 204, 204, 204, 204, 204]
GPU index, memory used, utilization:
0, 27289 MiB, 36 %
1, 8622 MiB, 19 %
2, 5098 MiB, 91 %
3, 2693 MiB, 89 %
4, 6541 MiB, 85 %
5, 8571 MiB, 20 %
6, 6454 MiB, 86 %
7, 2665 MiB, 88 %
[2026-09-20T18:26:34+08:00] collection finished, exit=0
[COVERAGE] accepted=[205, 205, 205, 205, 205, 205, 205, 205, 205, 205, 205, 205, 205, 205, 205, 205, 205, 205, 205, 205, 205, 205, 205, 205, 205, 205, 205, 205, 205, 205, 205, 205, 204, 204, 204, 204, 204, 204, 204, 204] targets=[205, 205, 205, 205, 205, 205, 205, 205, 205, 205, 205, 205, 205, 205, 205, 205, 205, 205, 205, 205, 205, 205, 205, 205, 205, 205, 205, 205, 205, 205, 205, 205, 204, 204, 204, 204, 204, 204, 204, 204]
[INFO] Saved 8192 grasps -> cache/revo3_right_grasp_octagonal_prism.npy
GPU index, memory used, utilization:
0, 26750 MiB, 40 %
1, 7039 MiB, 0 %
2, 3 MiB, 0 %
3, 114 MiB, 0 %
4, 20545 MiB, 75 %
5, 7039 MiB, 0 %
6, 20577 MiB, 66 %
7, 3 MiB, 0 %
[2026-09-20T18:27:04+08:00] collection finished, exit=0
GPU index, memory used, utilization:
0, 26750 MiB, 39 %
1, 8064 MiB, 22 %
2, 1081 MiB, 31 %
3, 1192 MiB, 35 %
4, 20545 MiB, 48 %
5, 8114 MiB, 33 %
6, 20577 MiB, 48 %
7, 2160 MiB, 21 %
[2026-09-20T18:27:34+08:00] collection finished, exit=0
GPU index, memory used, utilization:
0, 26750 MiB, 45 %
1, 9140 MiB, 89 %
2, 2662 MiB, 66 %
3, 1142 MiB, 1 %
4, 21258 MiB, 37 %
5, 9139 MiB, 89 %
6, 20577 MiB, 77 %
7, 2056 MiB, 87 %
[2026-09-20T18:28:04+08:00] collection finished, exit=0
GPU index, memory used, utilization:
0, 26750 MiB, 96 %
1, 9140 MiB, 89 %
2, 2157 MiB, 85 %
3, 2218 MiB, 86 %
4, 20545 MiB, 55 %
5, 9139 MiB, 87 %
6, 21248 MiB, 92 %
7, 1031 MiB, 20 %
[2026-09-20T18:28:35+08:00] collection finished, exit=0
GPU index, memory used, utilization:
0, 27289 MiB, 49 %
1, 9647 MiB, 89 %
2, 2815 MiB, 88 %
3, 3046 MiB, 88 %
4, 21052 MiB, 70 %
5, 9647 MiB, 25 %
6, 21759 MiB, 80 %
7, 2309 MiB, 43 %
